./HB/bcsstm02
./HB/bcsstm22
./HB/bcsstm05
./Pothen/mesh1e1
./Pothen/mesh1em1
./Pothen/mesh1em6
./HB/bcsstk01
./HB/bcsstm06
./HB/bcsstm20
./HB/nos4
./HB/bcsstk03
./HB/bcsstk22
./HB/bcsstm19
./HB/nos1
./HB/bcsstm08
./HB/bcsstm09
./Pothen/mesh3e1
./Pothen/mesh3em5
./HB/bcsstm11
./HB/bcsstm26
./Pothen/mesh2e1
./Pothen/mesh2em5
./HB/bcsstk05
./HB/lund_b
./HB/lund_a
./HB/bcsstm23
./HB/bcsstk20
./HB/bcsstm24
./HB/bcsstm21
./HB/bcsstk04
./HB/nos2
./HB/bcsstk02
./HB/nos5
./HB/bcsstk19
./HB/bcsstm07
./HB/bcsstk06
./HB/bcsstk07
./HB/bcsstk08
./HB/bcsstm25
./HB/nos3
./HB/bcsstk09
./HB/bcsstm12
./Boeing/bcsstk34
./HB/bcsstk10
./Boeing/msc01050
./HB/bcsstk21
./HB/bcsstk26
./TKK/plbuckle
./HB/bcsstk11
./HB/bcsstk12
./Boeing/msc00726
./Nasa/nasa1824
./Boeing/msc01440
./HB/bcsstk23
./Boeing/bcsstm39
./HB/bcsstk27
./HB/bcsstk14
./Nasa/nasa2146
./Cannizzo/sts4098
./Boeing/msc04515
./Nasa/nasa4704
./HB/bcsstk15
./Pothen/bodyy4
./Pothen/bodyy5
./Pothen/bodyy6
./HB/bcsstk18
./HB/bcsstk24
./MathWorks/Muu
./Nasa/nasa2910
./Cylshell/s3rmt3m3
./Cylshell/s1rmt3m1
./Cylshell/s3rmt3m1
./Cylshell/s2rmt3m1
./HB/bcsstk28
./HB/bcsstk25
./Cylshell/s1rmq4m1
./Cylshell/s3rmq4m1
./Cylshell/s2rmq4m1
./HB/bcsstk16
./MathWorks/Kuu
./Boeing/bcsstk38
./HB/bcsstk17
./GHS_psdef/apache1
./TKK/cbuckle
./Simon/olafu
./Boeing/msc23052
./Boeing/bcsstk36
./Boeing/msc10848
./Simon/raefsky4
./GHS_psdef/oilpan
./GHS_psdef/vanbody
./Boeing/ct20stif
./Nasa/nasasrb
./DNVS/shipsec8
./DNVS/shipsec1
./GHS_psdef/s3dkt3m2
./TKK/smt
./DNVS/ship_003
./DNVS/ship_001
./GHS_psdef/s3dkq4m2
./DNVS/thread
./DNVS/shipsec5
./GHS_psdef/apache2
./GHS_psdef/bmw7st_1
./DNVS/x104
./DNVS/m_t1
./GHS_psdef/hood
./GHS_psdef/crankseg_1
./GHS_psdef/bmwcra_1
./Boeing/pwtk
./GHS_psdef/crankseg_2
./Schenk_AFE/af_0_k101
./Schenk_AFE/af_1_k101
./Schenk_AFE/af_2_k101
./Schenk_AFE/af_3_k101
./Schenk_AFE/af_4_k101
./Schenk_AFE/af_5_k101
./Schenk_AFE/af_shell3
./Schenk_AFE/af_shell4
./Schenk_AFE/af_shell7
./Schenk_AFE/af_shell8
./INPRO/msdoor
./Janna/Fault_639
./GHS_psdef/inline_1
./Janna/Emilia_923
./GHS_psdef/ldoor
./Janna/Hook_1498
./Janna/Geo_1438
./Janna/Serena
./GHS_psdef/audikw_1
./Janna/Flan_1565
